[root@localhost firstGitRepo]# git status
# On branch master
#
# Initial commit
#
# Changes to be committed:
#   (use "git rm --cached <file>..." to unstage)
#
#	new file:   README
#
# Changes not staged for commit:
#   (use "git add <file>..." to update what will be committed)
#   (use "git checkout -- <file>..." to discard changes in working directory)
#
#	modified:   README
#
# Untracked files:
#   (use "git add <file>..." to include in what will be committed)
#
#	README~
[root@localhost firstGitRepo]# git add README

Committer: root <root@localhost.localdomain>
Your name and email address were configured automatically based
on your username and hostname. Please check that they are accurate.
You can suppress this message by setting them explicitly:

    git config --global user.name "Your Name"
    git config --global user.email you@example.com

After doing this, you may fix the identity used for this commit with:

    git commit --amend --reset-author

 1 file changed, 2 insertions(+), 1 deletion(-)

[root@localhost firstGitRepo]# git commit  -a -v -m "Added a new file Remove me . "
[master 94b3a4c] Added a new file Remove me .
 Committer: root <root@localhost.localdomain>
Your name and email address were configured automatically based
on your username and hostname. Please check that they are accurate.
You can suppress this message by setting them explicitly:

    git config --global user.name "Your Name"
    git config --global user.email you@example.com

After doing this, you may fix the identity used for this commit with:

    git commit --amend --reset-author

 1 file changed, 33 insertions(+)
 create mode 100644 Remove Me
[root@localhost firstGitRepo]# 

[root@localhost firstGitRepo]# git mv Remove\ Me  Remove\ Me.txt
[root@localhost firstGitRepo]# ls
README  README~  Remove Me.txt  status  status~
[root@localhost firstGitRepo]# git status
# On branch master
# Changes to be committed:
#   (use "git reset HEAD <file>..." to unstage)
#
#	renamed:    Remove Me -> Remove Me.txt
#
# Changes not staged for commit:
#   (use "git add <file>..." to update what will be committed)
#   (use "git checkout -- <file>..." to discard changes in working directory)
#
#	modified:   status
#
# Untracked files:
#   (use "git add <file>..." to include in what will be committed)
#
#	README~
#	status~
[root@localhost firstGitRepo]# 

[root@localhost firstGitRepo]# git log --stat
commit 94b3a4cae8a3f18410a58d05b03e2aeba772b3b2
Author: root <root@localhost.localdomain>
Date:   Tue Apr 29 12:49:47 2014 +0530

    Added a new file Remove me .

 Remove Me | 33 +++++++++++++++++++++++++++++++++
 1 file changed, 33 insertions(+)

commit c997d6cb1f1527c673977efff240891a2086ae09
Author: root <root@localhost.localdomain>
Date:   Tue Apr 29 12:44:57 2014 +0530

    This is the next commit, I am using the -a option to skip the staging area, that is the modified files will automatically staged before commiting it.

 README | 5 ++++-
 1 file changed, 4 insertions(+), 1 deletion(-)

commit d5695e25744bb426a20587310f40d5b3f805f637
Author: root <root@localhost.localdomain>
Date:   Tue Apr 29 12:36:26 2014 +0530

    This commit adds the modified status file to the commit.

 status | 13 +++++++++++++
 1 file changed, 13 insertions(+)

commit 9a4dd02aa051ba232e5e668e2d128daee16cb0e0
Author: root <root@localhost.localdomain>
Date:   Tue Apr 29 12:32:06 2014 +0530

    This is my fourth commit, this commit uses inline message content

 README | 3 ++-
 1 file changed, 2 insertions(+), 1 deletion(-)

commit 8e4a603d1e33c7d970349a480ab4d91f745b8d1a
Author: root <root@localhost.localdomain>
Date:   Tue Apr 29 12:26:02 2014 +0530

    This is the third commit where I had removed some unwanted spaces.

 README | 2 --
 1 file changed, 2 deletions(-)

commit 4d97f051f13bcaacd553b1a67de54268f800528e
Author: root <root@localhost.localdomain>
Date:   Tue Apr 29 12:24:30 2014 +0530

    This is my Second commit where I had added few lines.

 README | 2 ++
 1 file changed, 2 insertions(+)

commit 6a0497666bbddc2f8ba49625788ffef63aadf01e
Author: root <root@localhost.localdomain>
Date:   Tue Apr 29 12:12:50 2014 +0530

    This is my Firs Commit, more commits are yet to come

 README | 23 +++++++++++++++++++++++
 status | 22 ++++++++++++++++++++++
 2 files changed, 45 insertions(+)
[root@localhost firstGitRepo]# git commit -a -v -m "Renamed the Remove me  to Remove me.txt"
[master 17669df] Renamed the Remove me  to Remove me.txt
 Committer: root <root@localhost.localdomain>
Your name and email address were configured automatically based
on your username and hostname. Please check that they are accurate.
You can suppress this message by setting them explicitly:

    git config --global user.name "Your Name"
    git config --global user.email you@example.com

After doing this, you may fix the identity used for this commit with:

    git commit --amend --reset-author

 2 files changed, 43 insertions(+)
 rename Remove Me => Remove Me.txt (100%)
[root@localhost firstGitRepo]# git log --stats
fatal: unrecognized argument: --stats
[root@localhost firstGitRepo]# git log --stat
commit 17669df6aafc4ec00a0caf36e63d703259ee31b5
Author: root <root@localhost.localdomain>
Date:   Tue Apr 29 14:53:25 2014 +0530

    Renamed the Remove me  to Remove me.txt

 Remove Me     | 33 ---------------------------------
 Remove Me.txt | 33 +++++++++++++++++++++++++++++++++
 status        | 43 +++++++++++++++++++++++++++++++++++++++++++
 3 files changed, 76 insertions(+), 33 deletions(-)

commit 94b3a4cae8a3f18410a58d05b03e2aeba772b3b2
Author: root <root@localhost.localdomain>
Date:   Tue Apr 29 12:49:47 2014 +0530

    Added a new file Remove me .

 Remove Me | 33 +++++++++++++++++++++++++++++++++
 1 file changed, 33 insertions(+)

commit c997d6cb1f1527c673977efff240891a2086ae09
Author: root <root@localhost.localdomain>
Date:   Tue Apr 29 12:44:57 2014 +0530

    This is the next commit, I am using the -a option to skip the staging area, that is the modified files will automatically staged before commiting it.

 README | 5 ++++-
 1 file changed, 4 insertions(+), 1 deletion(-)

commit d5695e25744bb426a20587310f40d5b3f805f637
Author: root <root@localhost.localdomain>
Date:   Tue Apr 29 12:36:26 2014 +0530

    This commit adds the modified status file to the commit.

 status | 13 +++++++++++++
[root@localhost firstGitRepo]# 

[root@localhost firstGitRepo]# git log --pretty=format :"%h - %an, %ar : %s"
fatal: invalid --pretty format: format
[root@localhost firstGitRepo]# git log --pretty=format:"%h - %an, %ar : %s"
16eb858 - root, 4 minutes ago : Added a descripion about the command git log --pretty=oneline to README file.
0174137 - root, 10 minutes ago : Added git log commands to README file.
17669df - root, 18 minutes ago : Renamed the Remove me  to Remove me.txt
94b3a4c - root, 2 hours ago : Added a new file Remove me .
c997d6c - root, 2 hours ago : This is the next commit, I am using the -a option to skip the staging area, that is the modified files will automatically staged before c
d5695e2 - root, 3 hours ago : This commit adds the modified status file to the commit.
9a4dd02 - root, 3 hours ago : This is my fourth commit, this commit uses inline message content
8e4a603 - root, 3 hours ago : This is the third commit where I had removed some unwanted spaces.
4d97f05 - root, 3 hours ago : This is my Second commit where I had added few lines.
6a04976 - root, 3 hours ago : This is my Firs Commit, more commits are yet to come
[root@localhost firstGitRepo]# 


